version https://git-lfs.github.com/spec/v1
oid sha256:e0543c654c50406ad04109a18e1d871f3946a3c2b293e8c280fc14604eb39f6f
size 190
