version https://git-lfs.github.com/spec/v1
oid sha256:3b23cd9282d9f2373b1062eccb7ed9f676ee6e83ec59a2f4d405d3677c1a71d5
size 166
