version https://git-lfs.github.com/spec/v1
oid sha256:a6d027710a511704dbff068e9a467a4e01e898044794a5494a433a96ad1bf825
size 207
