version https://git-lfs.github.com/spec/v1
oid sha256:c5d1d1d9682701c2a8c85aaf9e2d9a0508608d070be125df7e7eeb842f30fa97
size 1176494
