version https://git-lfs.github.com/spec/v1
oid sha256:7c6cd35094ecfea830e86e256433dd397ba4e2664de320b4571d0b283aa4381b
size 1165498
