version https://git-lfs.github.com/spec/v1
oid sha256:5f9de7d91d32dd6ec71b33b7cfda4c0eea158d23ae7f79ac7d8a02349f0b6b01
size 1137977
