version https://git-lfs.github.com/spec/v1
oid sha256:6b538cb889191ad1ca3896c0d49d26dff05166c8c1e9e238f29b68adced1ca7b
size 48048
