version https://git-lfs.github.com/spec/v1
oid sha256:7cec72ca4178ad1c60f2eeb9d09dbbe62585c3c1762fc05ccab4afdcf6abdf73
size 46175
