version https://git-lfs.github.com/spec/v1
oid sha256:03949f80b35b9a456a625cb46d3eb8e218e6d992a38762a51e74cd370809e320
size 22738
