version https://git-lfs.github.com/spec/v1
oid sha256:7735bb92631d60152e51006830e48dc07ff01cc48fc4d1ffd8a1cc9403efbff9
size 79
