version https://git-lfs.github.com/spec/v1
oid sha256:bc564a561f67ecf3c09db569ac9442cb7bb489e32a760c924d11fd24b748719a
size 38529
