version https://git-lfs.github.com/spec/v1
oid sha256:24bafe147afd7c7cc812064f489878ced80b44f8a9d19e167dd872c72c87b1b9
size 22676
