version https://git-lfs.github.com/spec/v1
oid sha256:0a729c0641dd424799f54e01286d175f715d8a1ec5a76c41e4c1d1b53553f06c
size 720761
