version https://git-lfs.github.com/spec/v1
oid sha256:3277c2c9c1e625369f0213fcb0426de643c101b4cb4d0d1894d2e110c58276cc
size 181602
