version https://git-lfs.github.com/spec/v1
oid sha256:09f8a980f83b49f687304321dfc1258ec6191abb29dfba1ef943c516c26e8e51
size 189650
