version https://git-lfs.github.com/spec/v1
oid sha256:9380cbee17c1a2cd9aab31503a97a76e82c2e0bd171abbec832318290ea2b2de
size 190190
