version https://git-lfs.github.com/spec/v1
oid sha256:9438f950874e86ebd24f274a5e46c740a25585d383fef7898db86076f0acfe91
size 770834
