version https://git-lfs.github.com/spec/v1
oid sha256:7989da7893ebd72ee01827b459ca7446d1a934bbda411df7e7865e11b2da8b64
size 22495
