version https://git-lfs.github.com/spec/v1
oid sha256:604f14661afcc8e1a07db434041f0b524ea8a4365d6d576d8bebdca36c225765
size 56
