version https://git-lfs.github.com/spec/v1
oid sha256:112938b4bdf0b1e0894f06731fc7505084a3d2477c2d1608fb9a139145cc8a10
size 1114
