version https://git-lfs.github.com/spec/v1
oid sha256:f9128edae0f7123642a4de239506cfd950a51280d5f4555a9e519749b8f9a872
size 2138288
