version https://git-lfs.github.com/spec/v1
oid sha256:bbeb925aa0fdc0ec76fea0d81cd7c11c736e60f2a56653cd6070156607bfc7dc
size 1157552
