version https://git-lfs.github.com/spec/v1
oid sha256:ab934157b3fd2cdbabe6d053cd3e2802e9459fa44609f20eab83ba1975d83341
size 2088485
