version https://git-lfs.github.com/spec/v1
oid sha256:5f5d21509920f69aeaad9c84f6d8b43b5c939925a4b47d8644c8f5f7f48ddf0a
size 101
