version https://git-lfs.github.com/spec/v1
oid sha256:867cb7f6bfee8b6cf95f23aebb16a035efdb446d6c85a68e664dcfcaaaad39b1
size 111
