version https://git-lfs.github.com/spec/v1
oid sha256:0503d6322f592068a8d76cded8badc2d471c89e64b1dfa74c2dcd2f8a429d582
size 588933
