version https://git-lfs.github.com/spec/v1
oid sha256:ea681676ddf0097162179a68d565a6b44e225402f1e277d64a5e5f5e1b4440db
size 366
