version https://git-lfs.github.com/spec/v1
oid sha256:8698c33792fc9e0ffac2c34f9ccf91334012f5256a9a84599a93d385a8b052e1
size 268725
