version https://git-lfs.github.com/spec/v1
oid sha256:5af72cb432809aeb889734ab21db1ff53e14bb02c1f5ccb54527d683323d28d5
size 386788
