version https://git-lfs.github.com/spec/v1
oid sha256:8eb44c8555646a274fb825444e22860f29197c271332ee684f35bf9b97c219b7
size 46
