version https://git-lfs.github.com/spec/v1
oid sha256:be6d1b44c6b43da8525ab5f1bc9be7f6c544cd0504ef508163d5df5f01fdb071
size 4087
