version https://git-lfs.github.com/spec/v1
oid sha256:d5a5ca1042359f42933df6f2a409058940961cd5f264834d632c1254a76519fc
size 1171105
