version https://git-lfs.github.com/spec/v1
oid sha256:bf1d00917ddf987bf824d2ce2f2eb672abdc1b54bb0c7f00a49e7f75aecb03d8
size 151
