version https://git-lfs.github.com/spec/v1
oid sha256:d9e49516dd3e999c274d08c1b1ad3c8e16b3dc2eacb567fe955fb4fb761dc86e
size 120
