version https://git-lfs.github.com/spec/v1
oid sha256:057b2aa6db6d4e7eb6536632e206ecaa28bbf234977a9f9b15d065ec50934959
size 2988
