version https://git-lfs.github.com/spec/v1
oid sha256:ce53938e008318f2aa69413c1b6f73becdb8f31148ad333aaec8985a49b69b33
size 212
