version https://git-lfs.github.com/spec/v1
oid sha256:2590bfcee0e87869c68eec9a9797cdb28914404afa2209f2f318a4464e82ab66
size 644855
