version https://git-lfs.github.com/spec/v1
oid sha256:e90b27c50e214298f6d0f6ea141adacd1a052a839947e12319a0a6cbb0be2de0
size 179
