version https://git-lfs.github.com/spec/v1
oid sha256:cd78f3ac9766d81041604327fe482368ad4d0cb355f69b7fa8463061039c8619
size 209
