version https://git-lfs.github.com/spec/v1
oid sha256:a8edca0a52cd81ab0fbe161b2dfc0fa4f1e563071ee1c16e3dddbcdc2d53f8db
size 519026
