version https://git-lfs.github.com/spec/v1
oid sha256:818353b793606084c6caa1dad9539521e54e38987e41ec2b7f680bce12d57cef
size 41
