version https://git-lfs.github.com/spec/v1
oid sha256:5edddabca6980abfb97404195059eea0b5a83cea91f7025dc2054ea0ef0be0a9
size 39
