version https://git-lfs.github.com/spec/v1
oid sha256:ebf5f4a4421daa53742328366c2329c031a358d899f709ab73436221d8a5299c
size 39
