version https://git-lfs.github.com/spec/v1
oid sha256:157acc9b9da7b25b8b3c55e5247aacf7f66d87d12b8c6a95526838023db4e7dc
size 43
