version https://git-lfs.github.com/spec/v1
oid sha256:672978fc05ffb1cb8cbf379550201ecf244dae6378dc7cf4793b67dd36c98a87
size 40
