version https://git-lfs.github.com/spec/v1
oid sha256:2aac1b604a7d1d57f83ac6b49d9eabc8f7d5eb838ade60d2a3fc9aadbb24d628
size 400036
