version https://git-lfs.github.com/spec/v1
oid sha256:a6b424ec4edb3eda28adb105628f5a3651382eb435849f9ce20e9a25d20b5662
size 400036
