version https://git-lfs.github.com/spec/v1
oid sha256:30b675c607cb0da6a5ae84d60626deb38b34d0f4972bcccfd6d8eeeec5e159ad
size 400036
