version https://git-lfs.github.com/spec/v1
oid sha256:71f464da6f6790983af553d4f50ffc184c45432dd02382347e39b92def174061
size 400036
