version https://git-lfs.github.com/spec/v1
oid sha256:b8a835d29e864f317691a5f88b007308e5198badad8ed70555419b213057eac4
size 400036
